Parallel Configuration Cache is an incubating feature.

> Configure project :build-logic:convention
The ReportingExtension.file(String) method has been deprecated. This is scheduled to be removed in Gradle 10. Please use the getBaseDirectory().file(String) or getBaseDirectory().dir(String) method instead. Consult the upgrading guide for further information: https://docs.gradle.org/9.3.0/userguide/upgrading_version_9.html#reporting_extension_file

> Task :build-logic:convention:checkKotlinGradlePluginConfigurationErrors SKIPPED
> Task :build-logic:convention:compileKotlin UP-TO-DATE
> Task :build-logic:convention:compileJava NO-SOURCE
> Task :build-logic:convention:pluginDescriptors UP-TO-DATE
> Task :build-logic:convention:processResources UP-TO-DATE
> Task :build-logic:convention:classes UP-TO-DATE
> Task :build-logic:convention:jar UP-TO-DATE
> Task :runtime-ports:checkKotlinGradlePluginConfigurationErrors SKIPPED
> Task :runtime-application:checkKotlinGradlePluginConfigurationErrors SKIPPED
> Task :runtime-contracts:checkKotlinGradlePluginConfigurationErrors SKIPPED
> Task :runtime-engine:checkKotlinGradlePluginConfigurationErrors SKIPPED
> Task :runtime-infra-sqlite:checkKotlinGradlePluginConfigurationErrors SKIPPED
> Task :runtime-infra-fs:checkKotlinGradlePluginConfigurationErrors SKIPPED
> Task :runtime-domain:checkKotlinGradlePluginConfigurationErrors SKIPPED
> Task :runtime-application:processResources NO-SOURCE
> Task :runtime-infra-sqlite:processResources NO-SOURCE
> Task :runtime-engine:processResources NO-SOURCE
> Task :runtime-infra-fs:validateCopyAgentAddonSchemaSource
> Task :runtime-ports:processResources NO-SOURCE
> Task :runtime-domain:processResources UP-TO-DATE
> Task :runtime-engine:processTestFixturesResources NO-SOURCE
> Task :runtime-application:processTestFixturesResources NO-SOURCE
> Task :runtime-infra-fs:copyAgentAddonSchema UP-TO-DATE
> Task :runtime-domain:processTestFixturesResources NO-SOURCE
> Task :runtime-application:processTestResources NO-SOURCE
> Task :runtime-infra-fs:validateCopyDecompositionManifestSchemaSource
> Task :runtime-ports:processTestFixturesResources NO-SOURCE
> Task :runtime-infra-fs:copyDecompositionManifestSchema UP-TO-DATE
> Task :runtime-infra-fs:validateCopyFeatureTaskExecutionIdentitySchemaSource
> Task :runtime-infra-fs:copyFeatureTaskExecutionIdentitySchema UP-TO-DATE
> Task :runtime-infra-fs:validateCopyFeatureTaskRuntimeBuildReceiptSchemaSource
> Task :runtime-infra-fs:copyFeatureTaskRuntimeBuildReceiptSchema UP-TO-DATE
> Task :runtime-infra-fs:validateCopyFeatureTaskRuntimeCheckpointIdentitySchemaSource
> Task :runtime-infra-fs:copyFeatureTaskRuntimeCheckpointIdentitySchema UP-TO-DATE
> Task :runtime-infra-fs:validateCopyFeatureTaskRuntimeHandoffEnvelopeSchemaSource
> Task :runtime-infra-fs:copyFeatureTaskRuntimeHandoffEnvelopeSchema UP-TO-DATE
> Task :runtime-infra-fs:validateCopyFeatureTaskRuntimeImplementationAttemptSchemaSource
> Task :runtime-infra-fs:copyFeatureTaskRuntimeImplementationAttemptSchema UP-TO-DATE
> Task :runtime-infra-fs:validateCopyFeatureTaskRuntimePersistenceSchemaSource
> Task :runtime-infra-fs:copyFeatureTaskRuntimePersistenceSchema UP-TO-DATE
> Task :runtime-infra-fs:validateCopyFeatureTaskRuntimePhaseHandoffSchemaSource
> Task :runtime-infra-fs:copyFeatureTaskRuntimePhaseHandoffSchema UP-TO-DATE
> Task :runtime-infra-fs:validateCopyFeatureTaskRuntimePhaseLaunchBriefingSchemaSource
> Task :runtime-infra-fs:copyFeatureTaskRuntimePhaseLaunchBriefingSchema UP-TO-DATE
> Task :runtime-infra-fs:validateCopyFeatureTaskRuntimePhaseOutputSchemaSource
> Task :runtime-infra-fs:copyFeatureTaskRuntimePhaseOutputSchema UP-TO-DATE
> Task :runtime-infra-fs:validateCopyFeatureTaskRuntimePlanningProjectionsSchemaSource
> Task :runtime-infra-fs:copyFeatureTaskRuntimePlanningProjectionsSchema UP-TO-DATE
> Task :runtime-infra-fs:validateCopyFeatureTaskRuntimeProjectionMeasurementSchemaSource
> Task :runtime-infra-fs:copyFeatureTaskRuntimeProjectionMeasurementSchema UP-TO-DATE
> Task :runtime-infra-fs:validateCopyFeatureTaskRuntimeQuarantineSchemaSource
> Task :runtime-infra-fs:copyFeatureTaskRuntimeQuarantineSchema UP-TO-DATE
> Task :runtime-infra-fs:validateCopyFeatureTaskRuntimeSharedEvidenceProjectionSchemaSource
> Task :runtime-infra-fs:copyFeatureTaskRuntimeSharedEvidenceProjectionSchema UP-TO-DATE
> Task :runtime-infra-fs:validateCopyFeatureTaskRuntimeValidationEvidenceSchemaSource
> Task :runtime-infra-fs:copyFeatureTaskRuntimeValidationEvidenceSchema UP-TO-DATE
> Task :runtime-infra-fs:validateCopyFeatureTaskRuntimeWorkerOwnershipSchemaSource
> Task :runtime-infra-fs:copyFeatureTaskRuntimeWorkerOwnershipSchema UP-TO-DATE
> Task :runtime-infra-fs:validateCopyGoalObservabilityEventSchemaSource
> Task :runtime-infra-fs:copyGoalObservabilityEventSchema UP-TO-DATE
> Task :runtime-infra-fs:validateCopyGoalPlanningPreparationSchemaSource
> Task :runtime-infra-fs:copyGoalPlanningPreparationSchema UP-TO-DATE
> Task :runtime-infra-fs:validateCopyGoalProgressEventSchemaSource
> Task :runtime-infra-fs:copyGoalProgressEventSchema UP-TO-DATE
> Task :runtime-infra-fs:validateCopyGoalSubtaskReviewStateSchemaSource
> Task :runtime-infra-fs:copyGoalSubtaskReviewStateSchema UP-TO-DATE
> Task :runtime-infra-fs:validateCopyIdeStatusSchemaSource
> Task :runtime-infra-fs:copyIdeStatusSchema UP-TO-DATE
> Task :runtime-infra-fs:validateCopyInstallPlanSchemaSource
> Task :runtime-contracts:compileKotlin UP-TO-DATE
> Task :runtime-infra-fs:copyInstallPlanSchema UP-TO-DATE
> Task :runtime-contracts:compileJava NO-SOURCE
> Task :runtime-infra-fs:validateCopyJavaGuardSource
> Task :runtime-infra-fs:copyJavaGuard UP-TO-DATE
> Task :runtime-contracts:copyGoalPlanningDiscoveryExclusions UP-TO-DATE
> Task :runtime-infra-fs:validateCopyNativeAgentCompositionSchemaSource
> Task :runtime-contracts:copyGoalVerificationBoundaryCaps UP-TO-DATE
> Task :runtime-infra-fs:copyNativeAgentCompositionSchema UP-TO-DATE
> Task :runtime-contracts:copyIssueKeySchema UP-TO-DATE
> Task :runtime-infra-fs:validateCopyNativeAgentLinkInventorySchemaSource
> Task :runtime-infra-fs:copyNativeAgentLinkInventorySchema UP-TO-DATE
> Task :runtime-contracts:processResources UP-TO-DATE
> Task :runtime-infra-fs:validateCopyPlatformPackSchemaSource
> Task :runtime-contracts:classes UP-TO-DATE
> Task :runtime-contracts:jar UP-TO-DATE
> Task :runtime-infra-fs:copyPlatformPackSchema UP-TO-DATE
> Task :runtime-infra-fs:validateCopyProducerOutputEvidenceSchemaSource
> Task :runtime-infra-fs:copyProducerOutputEvidenceSchema UP-TO-DATE
> Task :runtime-infra-fs:validateCopyRejectedOutputDiagnosticSchemaSource
> Task :runtime-infra-fs:copyRejectedOutputDiagnosticSchema UP-TO-DATE
> Task :runtime-infra-fs:validateCopyReviewContextSchemaSource
> Task :runtime-infra-fs:copyReviewContextSchema UP-TO-DATE
> Task :runtime-infra-fs:validateCopySpecialistContractSource
> Task :runtime-infra-fs:copySpecialistContract UP-TO-DATE
> Task :runtime-infra-fs:validateCopyWorkflowStateSchemaSource
> Task :runtime-infra-fs:copyWorkflowStateSchema UP-TO-DATE
> Task :runtime-domain:compileKotlin UP-TO-DATE
> Task :runtime-infra-fs:processResources UP-TO-DATE
> Task :runtime-domain:compileJava NO-SOURCE
> Task :runtime-domain:classes UP-TO-DATE
> Task :runtime-domain:jar UP-TO-DATE
> Task :runtime-domain:compileTestFixturesKotlin UP-TO-DATE
> Task :runtime-domain:compileTestFixturesJava NO-SOURCE
> Task :runtime-ports:compileKotlin UP-TO-DATE
> Task :runtime-domain:testFixturesClasses UP-TO-DATE
> Task :runtime-ports:compileJava NO-SOURCE
> Task :runtime-domain:testFixturesJar UP-TO-DATE
> Task :runtime-ports:classes UP-TO-DATE
> Task :runtime-ports:jar UP-TO-DATE
> Task :runtime-ports:compileTestFixturesKotlin UP-TO-DATE
> Task :runtime-ports:compileTestFixturesJava NO-SOURCE
> Task :runtime-ports:testFixturesClasses UP-TO-DATE
> Task :runtime-ports:testFixturesJar UP-TO-DATE
> Task :runtime-infra-sqlite:compileKotlin UP-TO-DATE
> Task :runtime-application:compileKotlin UP-TO-DATE
> Task :runtime-infra-sqlite:compileJava NO-SOURCE
> Task :runtime-application:compileJava NO-SOURCE
> Task :runtime-application:classes UP-TO-DATE
> Task :runtime-infra-sqlite:classes UP-TO-DATE
> Task :runtime-infra-sqlite:jar UP-TO-DATE
> Task :runtime-application:jar UP-TO-DATE
> Task :runtime-infra-fs:compileKotlin UP-TO-DATE
> Task :runtime-infra-fs:compileJava NO-SOURCE
> Task :runtime-infra-fs:classes UP-TO-DATE
> Task :runtime-infra-fs:jar UP-TO-DATE
> Task :runtime-application:compileTestFixturesKotlin UP-TO-DATE
> Task :runtime-engine:compileKotlin UP-TO-DATE
> Task :runtime-application:compileTestFixturesJava NO-SOURCE
> Task :runtime-application:testFixturesClasses UP-TO-DATE
> Task :runtime-engine:compileJava NO-SOURCE
> Task :runtime-engine:classes UP-TO-DATE
> Task :runtime-application:testFixturesJar UP-TO-DATE
> Task :runtime-engine:jar UP-TO-DATE
> Task :runtime-engine:compileTestFixturesKotlin UP-TO-DATE
> Task :runtime-engine:compileTestFixturesJava NO-SOURCE
> Task :runtime-engine:testFixturesClasses UP-TO-DATE
> Task :runtime-engine:testFixturesJar UP-TO-DATE
> Task :runtime-application:compileTestKotlin
> Task :runtime-application:compileTestJava NO-SOURCE
> Task :runtime-application:testClasses UP-TO-DATE
> Task :runtime-application:test

[Incubating] Problems report is available at: file:///home/sermilion/StudioProjects/skill-bill/runtime-kotlin/build/reports/problems/problems-report.html

BUILD SUCCESSFUL in 1s
98 actionable tasks: 34 executed, 64 up-to-date
