Parallel Configuration Cache is an incubating feature.
Calculating task graph as no cached configuration is available for tasks: :runtime-core:test --tests *RuntimeLayerBoundaryArchitectureTest --tests *ApplicationPackageAcyclicityArchitectureTest --tests *InjectConstructorDefaultsArchitectureTest --tests *RuntimeApplicationAmbientClockArchitectureTest --tests *ImplementationOwnershipArchitectureTest

> Configure project :build-logic:convention
The ReportingExtension.file(String) method has been deprecated. This is scheduled to be removed in Gradle 10. Please use the getBaseDirectory().file(String) or getBaseDirectory().dir(String) method instead. Consult the upgrading guide for further information: https://docs.gradle.org/9.3.0/userguide/upgrading_version_9.html#reporting_extension_file

> Task :build-logic:convention:checkKotlinGradlePluginConfigurationErrors SKIPPED
> Task :build-logic:convention:compileKotlin UP-TO-DATE
> Task :build-logic:convention:compileJava NO-SOURCE
> Task :build-logic:convention:pluginDescriptors UP-TO-DATE
> Task :build-logic:convention:processResources UP-TO-DATE
> Task :build-logic:convention:classes UP-TO-DATE
> Task :build-logic:convention:jar UP-TO-DATE
> Task :runtime-application:checkKotlinGradlePluginConfigurationErrors SKIPPED
> Task :runtime-domain:checkKotlinGradlePluginConfigurationErrors SKIPPED
> Task :runtime-contracts:checkKotlinGradlePluginConfigurationErrors SKIPPED
> Task :runtime-ports:checkKotlinGradlePluginConfigurationErrors SKIPPED
> Task :runtime-engine:checkKotlinGradlePluginConfigurationErrors SKIPPED
> Task :runtime-core:checkKotlinGradlePluginConfigurationErrors SKIPPED
> Task :runtime-infra-sqlite:checkKotlinGradlePluginConfigurationErrors SKIPPED
> Task :runtime-infra-fs:checkKotlinGradlePluginConfigurationErrors SKIPPED
> Task :runtime-infra-http:checkKotlinGradlePluginConfigurationErrors SKIPPED
> Task :runtime-domain:processResources UP-TO-DATE
> Task :runtime-contracts:copyGoalVerificationBoundaryCaps UP-TO-DATE
> Task :runtime-domain:processTestFixturesResources NO-SOURCE
> Task :runtime-application:processTestFixturesResources NO-SOURCE
> Task :runtime-ports:processResources NO-SOURCE
> Task :runtime-engine:processResources NO-SOURCE
> Task :runtime-engine:processTestFixturesResources NO-SOURCE
> Task :runtime-application:processResources NO-SOURCE
> Task :runtime-contracts:copyGoalPlanningDiscoveryExclusions UP-TO-DATE
> Task :runtime-infra-fs:copyAgentAddonSchema UP-TO-DATE
> Task :runtime-contracts:compileKotlin UP-TO-DATE
> Task :runtime-ports:processTestFixturesResources NO-SOURCE
> Task :runtime-contracts:copyIssueKeySchema UP-TO-DATE
> Task :runtime-infra-sqlite:processResources NO-SOURCE
> Task :runtime-infra-fs:copyJavaGuard UP-TO-DATE
> Task :runtime-infra-http:processResources NO-SOURCE
> Task :runtime-infra-fs:copyDecompositionManifestSchema UP-TO-DATE
> Task :runtime-infra-fs:copySpecialistContract UP-TO-DATE
> Task :runtime-infra-fs:copyReviewContextSchema UP-TO-DATE
> Task :runtime-contracts:compileJava NO-SOURCE
> Task :runtime-contracts:processResources UP-TO-DATE
> Task :runtime-infra-fs:copyFeatureTaskExecutionIdentitySchema UP-TO-DATE
> Task :runtime-contracts:classes UP-TO-DATE
> Task :runtime-infra-fs:copyFeatureTaskRuntimeBuildReceiptSchema UP-TO-DATE
> Task :runtime-contracts:jar UP-TO-DATE
> Task :runtime-infra-fs:copyFeatureTaskRuntimeCheckpointIdentitySchema UP-TO-DATE
> Task :runtime-infra-fs:copyFeatureTaskRuntimeHandoffEnvelopeSchema UP-TO-DATE
> Task :runtime-infra-fs:copyFeatureTaskRuntimeImplementationAttemptSchema UP-TO-DATE
> Task :runtime-infra-fs:copyFeatureTaskRuntimePersistenceSchema UP-TO-DATE
> Task :runtime-domain:compileKotlin UP-TO-DATE
> Task :runtime-infra-fs:copyFeatureTaskRuntimePhaseHandoffSchema UP-TO-DATE
> Task :runtime-infra-fs:copyFeatureTaskRuntimePhaseLaunchBriefingSchema UP-TO-DATE
> Task :runtime-domain:compileJava NO-SOURCE
> Task :runtime-domain:classes UP-TO-DATE
> Task :runtime-infra-fs:copyFeatureTaskRuntimePhaseOutputSchema UP-TO-DATE
> Task :runtime-infra-fs:copyFeatureTaskRuntimePlanningProjectionsSchema UP-TO-DATE
> Task :runtime-domain:jar UP-TO-DATE
> Task :runtime-infra-fs:copyFeatureTaskRuntimeProjectionMeasurementSchema UP-TO-DATE
> Task :runtime-infra-fs:copyFeatureTaskRuntimeQuarantineSchema UP-TO-DATE
> Task :runtime-infra-fs:copyFeatureTaskRuntimeSharedEvidenceProjectionSchema UP-TO-DATE
> Task :runtime-domain:compileTestFixturesKotlin UP-TO-DATE
> Task :runtime-infra-fs:copyFeatureTaskRuntimeValidationEvidenceSchema UP-TO-DATE
> Task :runtime-infra-fs:copyFeatureTaskRuntimeWorkerOwnershipSchema UP-TO-DATE
> Task :runtime-domain:compileTestFixturesJava NO-SOURCE
> Task :runtime-ports:compileKotlin UP-TO-DATE
> Task :runtime-domain:testFixturesClasses UP-TO-DATE
> Task :runtime-infra-fs:copyGoalObservabilityEventSchema UP-TO-DATE
> Task :runtime-infra-fs:copyGoalPlanningPreparationSchema UP-TO-DATE
> Task :runtime-ports:compileJava NO-SOURCE
> Task :runtime-domain:testFixturesJar UP-TO-DATE
> Task :runtime-ports:classes UP-TO-DATE
> Task :runtime-infra-fs:copyGoalProgressEventSchema UP-TO-DATE
> Task :runtime-infra-fs:copyGoalSubtaskReviewStateSchema UP-TO-DATE
> Task :runtime-ports:jar UP-TO-DATE
> Task :runtime-infra-sqlite:compileKotlin UP-TO-DATE
> Task :runtime-infra-sqlite:compileJava NO-SOURCE
> Task :runtime-infra-fs:copyIdeStatusSchema UP-TO-DATE
> Task :runtime-infra-sqlite:classes UP-TO-DATE
> Task :runtime-infra-fs:copyInstallPlanSchema UP-TO-DATE
> Task :runtime-ports:compileTestFixturesKotlin UP-TO-DATE
> Task :runtime-infra-fs:copyNativeAgentCompositionSchema UP-TO-DATE
> Task :runtime-infra-sqlite:jar UP-TO-DATE
> Task :runtime-infra-fs:copyNativeAgentLinkInventorySchema UP-TO-DATE
> Task :runtime-ports:compileTestFixturesJava NO-SOURCE
> Task :runtime-ports:testFixturesClasses UP-TO-DATE
> Task :runtime-infra-fs:copyPlatformPackSchema UP-TO-DATE
> Task :runtime-infra-fs:copyProducerOutputEvidenceSchema UP-TO-DATE
> Task :runtime-ports:testFixturesJar UP-TO-DATE
> Task :runtime-infra-fs:copyRejectedOutputDiagnosticSchema UP-TO-DATE
> Task :runtime-infra-fs:copyWorkflowStateSchema
> Task :runtime-application:compileKotlin UP-TO-DATE
> Task :runtime-application:compileJava NO-SOURCE
> Task :runtime-application:classes UP-TO-DATE
> Task :runtime-application:jar UP-TO-DATE
> Task :runtime-infra-fs:processResources
> Task :runtime-infra-fs:compileKotlin UP-TO-DATE
> Task :runtime-infra-fs:compileJava NO-SOURCE
> Task :runtime-infra-fs:classes
> Task :runtime-infra-fs:jar UP-TO-DATE
> Task :runtime-application:compileTestFixturesKotlin UP-TO-DATE
> Task :runtime-application:compileTestFixturesJava NO-SOURCE
> Task :runtime-application:testFixturesClasses UP-TO-DATE
> Task :runtime-application:testFixturesJar UP-TO-DATE
> Task :runtime-engine:compileKotlin UP-TO-DATE
> Task :runtime-engine:compileJava NO-SOURCE
> Task :runtime-engine:classes UP-TO-DATE
> Task :runtime-engine:jar UP-TO-DATE
> Task :runtime-engine:compileTestFixturesKotlin UP-TO-DATE
> Task :runtime-engine:compileTestFixturesJava NO-SOURCE
> Task :runtime-engine:testFixturesClasses UP-TO-DATE
> Task :runtime-engine:testFixturesJar UP-TO-DATE
> Task :runtime-infra-http:compileKotlin FROM-CACHE
> Task :runtime-infra-http:compileJava NO-SOURCE
> Task :runtime-infra-http:classes UP-TO-DATE
> Task :runtime-infra-http:jar
> Task :runtime-core:kspKotlin
> Task :runtime-core:processResources NO-SOURCE
> Task :runtime-core:compileKotlin
> Task :runtime-core:compileJava NO-SOURCE
> Task :runtime-core:classes UP-TO-DATE
> Task :runtime-core:jar
> Task :runtime-core:kspTestFixturesKotlin
> Task :runtime-core:processTestFixturesResources NO-SOURCE
> Task :runtime-core:compileTestFixturesKotlin
> Task :runtime-core:compileTestFixturesJava NO-SOURCE
> Task :runtime-core:testFixturesClasses UP-TO-DATE
> Task :runtime-core:testFixturesJar UP-TO-DATE
> Task :runtime-core:kspTestKotlin
> Task :runtime-core:processTestResources NO-SOURCE
> Task :runtime-core:compileTestKotlin
> Task :runtime-core:compileTestJava NO-SOURCE
> Task :runtime-core:testClasses UP-TO-DATE

> Task :runtime-core:test FAILED

RuntimeLayerBoundaryArchitectureTest > runtime application owns no direct timing logging or threading environment APIs() FAILED
    org.opentest4j.AssertionFailedError: runtime-application/src/main/kotlin/skillbill/application/telemetry/sync/TelemetryOutboxDrain.kt:98 contains environment API reference Thread.currentThread
    runtime-application/src/main/kotlin/skillbill/application/telemetry/sync/TelemetryOutboxDrain.kt:98 contains environment API reference Thread(
    runtime-application/src/main/kotlin/skillbill/application/telemetry/sync/TelemetryOutboxDrain.kt:98 contains environment API reference .interrupt()
    runtime-application/src/main/kotlin/skillbill/application/telemetry/sync/TelemetryOutboxDrain.kt:144 contains environment API reference Thread.currentThread
    runtime-application/src/main/kotlin/skillbill/application/telemetry/sync/TelemetryOutboxDrain.kt:144 contains environment API reference Thread(
    runtime-application/src/main/kotlin/skillbill/application/telemetry/sync/TelemetryOutboxDrain.kt:144 contains environment API reference .interrupt()
    runtime-application/src/main/kotlin/skillbill/application/telemetry/sync/TelemetryOutboxDrain.kt:166 contains environment API reference Thread.currentThread
    runtime-application/src/main/kotlin/skillbill/application/telemetry/sync/TelemetryOutboxDrain.kt:166 contains environment API reference Thread(
    runtime-application/src/main/kotlin/skillbill/application/telemetry/sync/TelemetryOutboxDrain.kt:166 contains environment API reference .interrupt()
    runtime-application/src/main/kotlin/skillbill/application/telemetry/sync/TelemetryOutboxDrain.kt:261 contains environment API reference java.util.concurrent
    runtime-application/src/main/kotlin/skillbill/application/telemetry/sync/TelemetrySyncRuntime.kt:63 contains environment API reference java.util.concurrent
    runtime-application/src/main/kotlin/skillbill/application/telemetry/sync/TelemetrySyncRuntime.kt:65 contains environment API reference Thread.currentThread
    runtime-application/src/main/kotlin/skillbill/application/telemetry/sync/TelemetrySyncRuntime.kt:65 contains environment API reference Thread(
    runtime-application/src/main/kotlin/skillbill/application/telemetry/sync/TelemetrySyncRuntime.kt:65 contains environment API reference .interrupt()
    runtime-application/src/main/kotlin/skillbill/application/telemetry/TelemetryService.kt:103 contains environment API reference java.util.concurrent
    runtime-application/src/main/kotlin/skillbill/application/telemetry/TelemetryService.kt:106 contains environment API reference Thread.currentThread
    runtime-application/src/main/kotlin/skillbill/application/telemetry/TelemetryService.kt:106 contains environment API reference Thread(
    runtime-application/src/main/kotlin/skillbill/application/telemetry/TelemetryService.kt:106 contains environment API reference .interrupt()
    runtime-application/src/main/kotlin/skillbill/application/telemetry/TelemetryService.kt:171 contains environment API reference java.util.concurrent
    runtime-application/src/main/kotlin/skillbill/application/telemetry/TelemetryService.kt:173 contains environment API reference Thread.currentThread
    runtime-application/src/main/kotlin/skillbill/application/telemetry/TelemetryService.kt:173 contains environment API reference Thread(
    runtime-application/src/main/kotlin/skillbill/application/telemetry/TelemetryService.kt:173 contains environment API reference .interrupt()
        at app//org.junit.jupiter.api.AssertionUtils.fail(AssertionUtils.java:38)
        at app//org.junit.jupiter.api.Assertions.fail(Assertions.java:138)
        at app//kotlin.test.junit5.JUnit5Asserter.fail(JUnitSupport.kt:56)
        at app//kotlin.test.Asserter.assertTrue(Assertions.kt:767)
        at app//kotlin.test.junit5.JUnit5Asserter.assertTrue(JUnitSupport.kt:30)
        at app//kotlin.test.Asserter.assertTrue(Assertions.kt:777)
        at app//kotlin.test.junit5.JUnit5Asserter.assertTrue(JUnitSupport.kt:30)
        at app//kotlin.test.AssertionsKt__AssertionsKt.assertTrue(Assertions.kt:44)
        at app//kotlin.test.AssertionsKt.assertTrue(Unknown Source)
        at app//skillbill.architecture.RuntimeArchitectureTestSupportKt.assertNoBannedSourceReferences(RuntimeArchitectureTestSupport.kt:584)
        at app//skillbill.architecture.RuntimeLayerBoundaryArchitectureTest.runtime application owns no direct timing logging or threading environment APIs(RuntimeLayerBoundaryArchitectureTest.kt:116)

68 tests completed, 1 failed

[Incubating] Problems report is available at: file:///home/sermilion/StudioProjects/skill-bill/runtime-kotlin/build/reports/problems/problems-report.html

FAILURE: Build failed with an exception.

* What went wrong:
Execution failed for task ':runtime-core:test'.
> There were failing tests. See the report at: file:///home/sermilion/StudioProjects/skill-bill/runtime-kotlin/runtime-core/build/reports/tests/test/index.html

* Try:
> Run with --scan to get full insights from a Build Scan (powered by Develocity).

BUILD FAILED in 6s
75 actionable tasks: 11 executed, 1 from cache, 63 up-to-date
Configuration cache entry stored.
